Seridia 436 75 484 123 ./maps/1_trepont.elm
Seridia 233 129 425 321 ./maps/1_pierre_blanche.elm
Seridia   0   0   0   0 ./maps/1_trepont_int.elm
Seridia   0   0   0   0 ./maps/1_pierre_blanche_int.elm
Seridia 132 325 228 421 ./maps/1_starenlith.elm
Seridia   0   0   0   0 ./maps/1_starenlith_int.elm
Seridia   0   0   0   0 ./maps/1_thyl_dur.elm
Seridia   0   0   0   0 ./maps/1_starenlith_grotte.elm
Seridia   0   0   0   0 ./maps/9_ferme_ol.elm
Seridia 359 81 407 129 ./maps/1_tyrnim.elm
Seridia 283 372 331 420 ./maps/1_illumen.elm
Seridia   0   0   0   0 ./maps/1_illumen_int.elm
Seridia   0   0   0   0 ./maps/1_salle_portails.elm
Seridia   0   0   0   0 ./maps/1_illumen_mine.elm
Seridia   0   0   0   0 ./maps/1_archeron.elm
Seridia 132 230 228 326 ./maps/1_cite_port.elm
Seridia   0   0   0   0 ./maps/1_cite_port_int.elm
Seridia   0   0   0   0 ./maps/1_cite_port_cave.elm
Seridia 25 278 121 374 ./maps/1_tahraji.elm
Seridia   0   0   0   0 ./maps/1_debutant.elm
Seridia   0   0   0   0 ./maps/1_debutant_int.elm
Seridia   0   0   0   0 ./maps/1_pierre_blanche_arene.elm
Seridia 232 32 328 128 ./maps/1_zork_len.elm
Seridia   0   0   0   0 ./maps/1_zork_len_int.elm
Seridia 235 377 283 425 ./maps/1_kilaran.elm
Seridia   0   0   0   0 ./maps/1_kasteel.elm
Seridia 179 80 227 128 ./maps/1_naralik.elm
Seridia   0   0   0   0 ./maps/1_naralik_int.elm
Seridia   0   0   0   0 ./maps/1_naralik_catacombes.elm
Seridia 238 322 286 370 ./maps/1_kilaran_sud.elm
Seridia   0   0   0   0 ./maps/1_kilaran_sud_int.elm
Seridia 143 130 239 226 ./maps/1_morcraven.elm
Seridia   0   0   0   0 ./maps/1_morcraven_int.elm
Seridia   0   0   0   0 ./maps/1_morcraven_cave.elm
Seridia   0   0   0   0 ./maps/1_pierre_blanche_cave.elm
Seridia   0   0   0   0 ./maps/1_taharaji_cave.elm
Seridia 287 324 335 372 ./maps/1_nord_thyl.elm
Seridia   0   0   0   0 ./maps/1_nord_thyl_caverne.elm
Seridia   0   0   0   0 ./maps/1_kasteel_karmien.elm
Seridia 331 323 427 419 ./maps/1_tarsengaard.elm
Seridia   0   0   0   0 ./maps/1_tarsengaard_int.elm
Seridia   0   0   0   0 ./maps/1_tarsengaard_palais.elm
Seridia   0   0   0   0 ./maps/1_tarsengaard_crypte.elm
Seridia   0   0   0   0 ./maps/1_int_divers.elm
Seridia   0   0   0   0 ./maps/1_nord_thyl_cave.elm
Seridia   0   0   0   0 ./maps/9_carte_test.elm
Seridia   0   0   0   0 ./maps/1_tarsengaard_palais_jardin.elm
Seridia   0   0   0   0 ./maps/1_tarsengaard_palais_cave.elm
Irilion 115 332 243 460 ./maps/2_idaloran.elm
Irilion 284 400 316 432 ./maps/2_nivros.elm
Irilion   0   0   0   0 ./maps/2_nivros_int.elm
Seridia   0   0   0   0 ./maps/1_seridia_dock.elm
Irilion   0   0   0   0 ./maps/2_idaloran_int.elm
Irilion	  0   0   0   0 ./maps/2_idaloran_cave.elm
Irilion   0   0   0   0 ./maps/2_idaloran_mine.elm
Irilion 309 225 341 257 ./maps/2_egratia.elm
Irilion   0   0   0   0 ./maps/2_egratia_temple.elm
Irilion 390 124 454 188 ./maps/2_saonar_kraw.elm
Irilion   0   0   0   0 ./maps/2_saonar_kraw_cave.elm
Irilion   0   0   0   0 ./maps/2_saonar_kraw_laby1.elm
Irilion   0   0   0   0 ./maps/2_saonar_kraw_laby2.elm
Irilion   0   0   0   0 ./maps/2_saonar_kraw_laby3.elm
Irilion   0   0   0   0 ./maps/2_saonar_kraw_laby4.elm
Irilion   0   0   0   0 ./maps/2_saonar_kraw_laby5.elm
Irilion   0   0   0   0 ./maps/2_saonar_kraw_laby6.elm
Irilion 124 57 252 185 ./maps/2_irinveron.elm
Irilion   0   0   0   0 ./maps/2_irinveron_int.elm
Irilion   0   0   0   0 ./maps/2_irinveron_cave.elm
Irilion 43 351 107 415 ./maps/2_anitora.elm
Irilion   0   0   0   0 ./maps/2_anitora_port.elm
Irilion   0   0   0   0 ./maps/2_salle_portails.elm
Irilion   0   0   0   0 ./maps/2_styx.elm
Irilion 417 312 481 376 ./maps/2_nargraw_sud.elm
Irilion	  0   0   0   0 ./maps/2_nargraw_sud_int.elm
Irilion	  0   0   0   0 ./maps/2_nargraw_sud_mont.elm
Irilion 212 267 276 331 ./maps/2_kusamura.elm
Irilion   0   0   0   0 ./maps/2_kusamura_temple.elm
Irilion   0   0   0   0 ./maps/2_kusamura_int.elm
Irilion 254 333 318 397 ./maps/2_irissadith.elm
Irilion   0   0   0   0 ./maps/2_irissadith_souterrain.elm
Irilion   0   0   0   0 ./maps/2_irissadith_int.elm
Irilion   0   0   0   0 ./maps/2_irissadith_cave.elm
Irilion 314 119 378 183 ./maps/2_iscalrith.elm
Irilion   0   0   0   0 ./maps/2_iscalrith_cave.elm
Irilion   0   0   0   0 ./maps/2_iscalrith_int.elm
Irilion 350 88 382 120 ./maps/2_hulda.elm
Irilion   0   0   0   0 ./maps/2_temple_zarin.elm
Irilion   0   0   0   0 ./maps/2_kial_kraw_divers.elm
Irilion 249 399 281 431 ./maps/2_kial_kraw.elm
Irilion   0   0   0   0 ./maps/2_kial_kraw_int.elm
Irilion   0   0   0   0 ./maps/2_kial_kraw_cave.elm
Irilion 319 88 351 120 ./maps/2_trassian.elm
Irilion	  0   0   0   0 ./maps/2_trassian_int.elm
Irilion	  0   0   0   0 ./maps/2_trassian_cave.elm
Irilion 432 43 464 75 ./maps/2_ile_oublies.elm
Irilion   0   0   0   0 ./maps/2_ile_oublies_int.elm
Irilion 251 113 315 177 ./maps/2_glakhmor.elm
Irilion   0   0   0   0 ./maps/2_glakhmor_int.elm
Irilion 389 273 421 305 ./maps/2_nukavuri.elm
Irilion	  0   0   0   0 ./maps/2_nukavuri_crypte.elm
Irilion	  0   0   0   0 ./maps/2_nukavuri_int.elm
Irilion 144 266 208 330 ./maps/2_fenegor.elm
Irilion   0   0   0   0 ./maps/2_fenegor_cave.elm
Irilion   0   0   0   0 ./maps/2_fenegor_int.elm
Irilion 70 195 134 259 ./maps/2_arius.elm
Irilion	  0   0   0   0 ./maps/2_arius_int.elm
Irilion 244 202 308 266 ./maps/2_aeth_aelfan.elm
Irilion	  0   0   0   0 ./maps/2_aeth_aelfan_int.elm
Irilion	  0   0   0   0 ./maps/2_aeth_aelfan_cave1.elm
Irilion	  0   0   0   0 ./maps/2_aeth_aelfan_cave2.elm
Irilion	  0   0   0   0 ./maps/2_aeth_aelfan_forteresse.elm
Irilion 288 266 352 330 ./maps/2_zirak_inbar.elm
Irilion   0   0   0   0 ./maps/2_zirak_inbar_int.elm
Irilion   0   0   0   0 ./maps/2_zirak_inbar_cave.elm
Irilion   0   0   0   0 ./maps/2_idaloran_cave.elm
Irilion 319 396 383 460 ./maps/2_melinis.elm
Irilion   0   0   0   0 ./maps/2_melinis_int.elm
Irilion	  0   0   0   0 ./maps/2_melinis_cave.elm
Irilion	  0   0   0   0 ./maps/2_irissadith_gilde_magique.elm
Seridia 80 383 128 431 ./maps/1_galeinth_aseyis.elm
Seridia   0   0   0   0 ./maps/1_galeinth_aseyis_int.elm
Seridia   0   0   0   0 ./maps/9_echiquier.elm
Seridia   0   0   0   0 ./maps/2_hulda_int.elm
Irilion 320 331 384 395 ./maps/2_thelinor.elm
Irilion   0   0   0   0 ./maps/2_thelinor_int.elm
Irilion   0   0   0   0 ./maps/2_thelinor_cave.elm
Irilion 78 266 142 330 ./maps/2_yrsis.elm
Irilion   0   0   0   0 ./maps/2_yrsis_int.elm
Irilion 179 200 243 264 ./maps/2_iriliel.elm
Irilion	  0   0   0   0 ./maps/2_iriliel_int.elm
Irilion	  0   0   0   0 ./maps/2_iriliel_cave.elm
Irilion 386 373 450 437 ./maps/2_nargraw_nord.elm
Irilion	  0   0   0   0 ./maps/2_nargraw_nord_int.elm
Irilion	  0   0   0   0 ./maps/2_nargraw_nord_volcan.elm
Irilion	  0   0   0   0 ./maps/2_nargraw_nord_cave.elm
Irilion   0   0   0   0 ./maps/2_exterieurs_divers.elm
Seridia   0   0   0   0 ./maps/9_gilde_generique.elm
Seridia   0   0   0   0 ./maps/1_cite_port_temple_metal.elm
Seridia   0   0   0   0 ./maps/1_gilde_village.elm
Seridia   0   0   0   0 ./maps/1_nord_thyl_int.elm
Seridia   0   0   0   0 ./maps/9_carte_test1.elm
Seridia   0   0   0   0 ./maps/9_carte_test.elm
Seridia   0   0   0   0 ./maps/1_gilde_ci.elm
Seridia   0   0   0   0 ./maps/1_test_elfe.elm
Seridia   0   0   0   0 ./maps/1_test_elfe_int.elm
Seridia   0   0   0   0 ./maps/9_carte_test.elm
Seridia   0   0   0   0 ./maps/1_gilde_patrouilleurs.elm
Seridia   0   0   0   0 ./maps/1_gilde_ange.elm
Seridia   0   0   0   0 ./maps/1_montagnes1.elm
Seridia   0   0   0   0 ./maps/1_montagnes1_int.elm
Seridia   0   0   0   0 ./maps/1_morcraven_int2.elm
Seridia   0   0   0   0 ./maps/1_gilde_mercenaie.elm
Seridia   0   0   0   0 ./maps/1_gilde_mage.elm
Seridia   0   0   0   0 ./maps/1_nid_aigle.elm
Seridia   0   0   0   0 ./maps/1_illumen_grotte.elm
Seridia   0   0   0   0 ./maps/1_starenlith_jardin.elm
Seridia   0   0   0   0 ./maps/1_starenlith_manoir.elm
Seridia   0   0   0   0 ./maps/1_grottes.elm
Seridia   0   0   0   0 ./maps/1_fosse.elm
Irilion   0   0   0   0 ./maps/2_grottes.elm
Seridia   0   0   0   0 ./maps/1_cite_port_int2.elm
Seridia   0   0   0   0 ./maps/1_equipee_gobeline.elm
Seridia   0   0   0   0 ./maps/1_equipee_pirate.elm
Seridia   0   0   0   0 ./maps/1_trepont_hallow.elm
Seridia   0   0   0   0 ./maps/1_trepont_int_hallow.elm
Seridia   0   0   0   0 ./maps/1_int_divers_hallow.elm
Seridia   0   0   0   0 ./maps/1_morcraven_int_hallow.elm
Seridia   0   0   0   0 ./maps/1_cite_port_cave_hallow.elm
Irilion   0   0   0   0 ./maps/2_yrsis_vyrsaliss.elm
Irilion   0   0   0   0 ./maps/2_yrsis_vyrsaliss_int.elm
Irilion   0   0   0   0 ./maps/2_gallion.elm
Irilion   0   0   0   0 ./maps/2_gallion_int.elm
Irilion   0   0   0   0 ./maps/2_gilde_coterie.elm
Irilion   0   0   0   0 ./maps/2_egratia_comptoir_int.elm

# mapinfo.lst
#
# This file specifies how the in-game map pictures relate to the the
# continent maps. Each line is formatted as follows
#
# <continent name> <x start> <y start> <x end> <y end> <map file name>
#
# where <continent name> can be Seridia or Irilion, and (<x start>, <y start>)
# and (<x end>, <y end>) specify the rectangle on the continent map that is
# occupied by the game map with file name <map file name>. Everything
# following a # sign, like these lines, is ignored.
#
